dict[a] = aa
dict[aardvark] = aardvarkaardvark
dict[aardvark's] = aardvark'saardvark's
dict[aardvarks] = aardvarksaardvarks
dict[abaci] = abaciabaci
dict[aback] = abackaback
dict[abacus] = abacusabacus
dict[abacus's] = abacus'sabacus's
dict[abacuses] = abacusesabacuses
dict[abaft] = abaftabaft
dict[abalone] = abaloneabalone
dict[abalone's] = abalone'sabalone's
dict[abalones] = abalonesabalones
dict[abandon] = abandonabandon
dict[abandoned] = abandonedabandoned
dict[abandoning] = abandoningabandoning
dict[abandonment] = abandonmentabandonment
dict[abandonment's] = abandonment'sabandonment's
dict[abandons] = abandonsabandons
dict[abase] = abaseabase
dict[abased] = abasedabased
dict[abasement] = abasementabasement
dict[abases] = abasesabases
dict[abash] = abashabash
dict[abashed] = abashedabashed
dict[abashes] = abashesabashes
dict[abashing] = abashingabashing
dict[abasing] = abasingabasing
dict[abate] = abateabate
dict[abated] = abatedabated
dict[b] = bb
dict[baa] = baabaa
dict[baaed] = baaedbaaed
dict[baaing] = baaingbaaing
dict[baas] = baasbaas
dict[babble] = babblebabble
dict[babbled] = babbledbabbled
dict[babbler] = babblerbabbler
dict[babbler's] = babbler'sbabbler's
dict[babblers] = babblersbabblers
dict[babbles] = babblesbabbles
dict[babbling] = babblingbabbling
dict[babe] = babebabe
dict[babe's] = babe'sbabe's
dict[babel] = babelbabel
dict[babels] = babelsbabels
dict[babes] = babesbabes
dict[babied] = babiedbabied
dict[babier] = babierbabier
dict[babies] = babiesbabies
dict[babiest] = babiestbabiest
dict[baboon] = baboonbaboon
dict[baboon's] = baboon'sbaboon's
dict[baboons] = baboonsbaboons
dict[babushka] = babushkababushka
dict[babushka's] = babushka'sbabushka's
dict[babushkas] = babushkasbabushkas
dict[baby] = babybaby
dict[baby's] = baby'sbaby's
dict[babyhood] = babyhoodbabyhood
dict[c] = cc
dict[cab] = cabcab
dict[cab's] = cab'scab's
dict[cabal] = cabalcabal
dict[cabal's] = cabal'scabal's
dict[cabals] = cabalscabals
dict[cabana] = cabanacabana
dict[cabana's] = cabana'scabana's
dict[cabanas] = cabanascabanas
dict[cabaret] = cabaretcabaret
dict[cabaret's] = cabaret'scabaret's
dict[cabarets] = cabaretscabarets
dict[cabbage] = cabbagecabbage
dict[cabbage's] = cabbage'scabbage's
dict[cabbages] = cabbagescabbages
dict[cabbed] = cabbedcabbed
dict[cabbie] = cabbiecabbie
dict[cabbies] = cabbiescabbies
dict[cabbing] = cabbingcabbing
dict[cabby] = cabbycabby
dict[cabby's] = cabby'scabby's
dict[cabin] = cabincabin
dict[cabin's] = cabin'scabin's
dict[cabinet] = cabinetcabinet
dict[cabinet's] = cabinet'scabinet's
dict[cabinetmaker] = cabinetmakercabinetmaker
dict[cabinetmaker's] = cabinetmaker'scabinetmaker's
dict[cabinetmakers] = cabinetmakerscabinetmakers
dict[cabinets] = cabinetscabinets
dict[cabins] = cabinscabins
dict[d] = dd
dict[d'arezzo] = d'arezzod'arezzo
dict[d'estaing] = d'estaingd'estaing
dict[dab] = dabdab
dict[dabbed] = dabbeddabbed
dict[dabbing] = dabbingdabbing
dict[dabble] = dabbledabble
dict[dabbled] = dabbleddabbled
dict[dabbler] = dabblerdabbler
dict[dabbler's] = dabbler'sdabbler's
dict[dabblers] = dabblersdabblers
dict[dabbles] = dabblesdabbles
dict[dabbling] = dabblingdabbling
dict[dabs] = dabsdabs
dict[dacha] = dachadacha
dict[dacha's] = dacha'sdacha's
dict[dachas] = dachasdachas
dict[dachshund] = dachshunddachshund
dict[dachshund's] = dachshund'sdachshund's
dict[dachshunds] = dachshundsdachshunds
dict[dactyl] = dactyldactyl
dict[dactyl's] = dactyl'sdactyl's
dict[dactylic] = dactylicdactylic
dict[dactylics] = dactylicsdactylics
dict[dactyls] = dactylsdactyls
dict[dad] = daddad
dict[dad's] = dad'sdad's
dict[daddies] = daddiesdaddies
dict[db] = dbdb
dict[db's] = db'sdb's
dict[e] = ee
dict[e'er] = e'ere'er
dict[each] = eacheach
dict[eager] = eagereager
dict[eager's] = eager'seager's
dict[eagerer] = eagerereagerer
dict[eagerest] = eageresteagerest
dict[eagerly] = eagerlyeagerly
dict[eagerness] = eagernesseagerness
dict[eagerness's] = eagerness'seagerness's
dict[eagle] = eagleeagle
dict[eagle's] = eagle'seagle's
dict[eagles] = eagleseagles
dict[eaglet] = eagleteaglet
dict[eaglet's] = eaglet'seaglet's
dict[eaglets] = eagletseaglets
dict[ear] = earear
dict[ear's] = ear'sear's
dict[earache] = earacheearache
dict[earache's] = earache'searache's
dict[earaches] = earachesearaches
dict[eardrum] = eardrumeardrum
dict[eardrum's] = eardrum'seardrum's
dict[eardrums] = eardrumseardrums
dict[earful] = earfulearful
dict[earful's] = earful'searful's
dict[earfuls] = earfulsearfuls
dict[earl] = earlearl
dict[ebay] = ebayebay
dict[ebay's] = ebay'sebay's
dict[f] = ff
dict[fa] = fafa
dict[fa's] = fa'sfa's
dict[fable] = fablefable
dict[fable's] = fable'sfable's
dict[fabled] = fabledfabled
dict[fables] = fablesfables
dict[fabric] = fabricfabric
dict[fabric's] = fabric'sfabric's
dict[fabricate] = fabricatefabricate
dict[fabricated] = fabricatedfabricated
dict[fabricates] = fabricatesfabricates
dict[fabricating] = fabricatingfabricating
dict[fabrication] = fabricationfabrication
dict[fabrication's] = fabrication'sfabrication's
dict[fabrications] = fabricationsfabrications
dict[fabrics] = fabricsfabrics
dict[fabulous] = fabulousfabulous
dict[fabulously] = fabulouslyfabulously
dict[facade] = facadefacade
dict[facade's] = facade'sfacade's
dict[facades] = facadesfacades
dict[face] = faceface
dict[face's] = face'sface's
dict[faced] = facedfaced
dict[faceless] = facelessfaceless
dict[facelift] = faceliftfacelift
dict[facelifts] = faceliftsfacelifts
dict[faces] = facesfaces
dict[facet] = facetfacet
dict[g] = gg
dict[gab] = gabgab
dict[gabardine] = gabardinegabardine
dict[gabardine's] = gabardine'sgabardine's
dict[gabardines] = gabardinesgabardines
dict[gabbed] = gabbedgabbed
dict[gabbier] = gabbiergabbier
dict[gabbiest] = gabbiestgabbiest
dict[gabbing] = gabbinggabbing
dict[gabble] = gabblegabble
dict[gabbled] = gabbledgabbled
dict[gabbles] = gabblesgabbles
dict[gabbling] = gabblinggabbling
dict[gabby] = gabbygabby
dict[gaberdine] = gaberdinegaberdine
dict[gaberdine's] = gaberdine'sgaberdine's
dict[gaberdines] = gaberdinesgaberdines
dict[gable] = gablegable
dict[gable's] = gable'sgable's
dict[gabled] = gabledgabled
dict[gables] = gablesgables
dict[gabling] = gablinggabling
dict[gabs] = gabsgabs
dict[gad] = gadgad
dict[gadabout] = gadaboutgadabout
dict[gadabout's] = gadabout'sgadabout's
dict[gadabouts] = gadaboutsgadabouts
dict[gadded] = gaddedgadded
dict[gadding] = gaddinggadding
dict[gadflies] = gadfliesgadflies
dict[h] = hh
dict[h'm] = h'mh'm
dict[ha] = haha
dict[haberdasher] = haberdasherhaberdasher
dict[haberdasher's] = haberdasher'shaberdasher's
dict[haberdasheries] = haberdasherieshaberdasheries
dict[haberdashers] = haberdashershaberdashers
dict[haberdashery] = haberdasheryhaberdashery
dict[haberdashery's] = haberdashery'shaberdashery's
dict[habit] = habithabit
dict[habit's] = habit'shabit's
dict[habitability] = habitabilityhabitability
dict[habitability's] = habitability'shabitability's
dict[habitable] = habitablehabitable
dict[habitat] = habitathabitat
dict[habitat's] = habitat'shabitat's
dict[habitation] = habitationhabitation
dict[habitation's] = habitation'shabitation's
dict[habitations] = habitationshabitations
dict[habitats] = habitatshabitats
dict[habits] = habitshabits
dict[habitual] = habitualhabitual
dict[habitually] = habituallyhabitually
dict[habituals] = habitualshabituals
dict[habituate] = habituatehabituate
dict[habituated] = habituatedhabituated
dict[habituates] = habituateshabituates
dict[habituating] = habituatinghabituating
dict[habituation] = habituationhabituation
dict[habituation's] = habituation'shabituation's
dict[i] = ii
dict[iamb] = iambiamb
dict[iamb's] = iamb'siamb's
dict[iambic] = iambiciambic
dict[iambics] = iambicsiambics
dict[iambs] = iambsiambs
dict[ibex] = ibexibex
dict[ibex's] = ibex'sibex's
dict[ibexes] = ibexesibexes
dict[ibices] = ibicesibices
dict[ibis] = ibisibis
dict[ibis's] = ibis'sibis's
dict[ibises] = ibisesibises
dict[ibuprofen] = ibuprofenibuprofen
dict[ice] = iceice
dict[ice's] = ice'sice's
dict[iceberg] = icebergiceberg
dict[iceberg's] = iceberg'siceberg's
dict[icebergs] = icebergsicebergs
dict[icebound] = iceboundicebound
dict[icebox] = iceboxicebox
dict[icebox's] = icebox'sicebox's
dict[iceboxes] = iceboxesiceboxes
dict[icebreaker] = icebreakericebreaker
dict[icebreaker's] = icebreaker'sicebreaker's
dict[icebreakers] = icebreakersicebreakers
dict[icecap] = icecapicecap
dict[icecap's] = icecap'sicecap's
dict[icecaps] = icecapsicecaps
dict[iced] = icediced
dict[j] = jj
dict[jab] = jabjab
dict[jabbed] = jabbedjabbed
dict[jabber] = jabberjabber
dict[jabbered] = jabberedjabbered
dict[jabberer] = jabbererjabberer
dict[jabberer's] = jabberer'sjabberer's
dict[jabberers] = jabberersjabberers
dict[jabbering] = jabberingjabbering
dict[jabbers] = jabbersjabbers
dict[jabbing] = jabbingjabbing
dict[jabot] = jabotjabot
dict[jabot's] = jabot'sjabot's
dict[jabots] = jabotsjabots
dict[jabs] = jabsjabs
dict[jack] = jackjack
dict[jack's] = jack'sjack's
dict[jackal] = jackaljackal
dict[jackal's] = jackal'sjackal's
dict[jackals] = jackalsjackals
dict[jackass] = jackassjackass
dict[jackass's] = jackass'sjackass's
dict[jackasses] = jackassesjackasses
dict[jackboot] = jackbootjackboot
dict[jackboot's] = jackboot'sjackboot's
dict[jackboots] = jackbootsjackboots
dict[jackdaw] = jackdawjackdaw
dict[jackdaw's] = jackdaw'sjackdaw's
dict[jackdaws] = jackdawsjackdaws
dict[jacked] = jackedjacked
dict[k] = kk
dict[kabob] = kabobkabob
dict[kabob's] = kabob'skabob's
dict[kabobs] = kabobskabobs
dict[kaboom] = kaboomkaboom
dict[kale] = kalekale
dict[kale's] = kale'skale's
dict[kaleidoscope] = kaleidoscopekaleidoscope
dict[kaleidoscope's] = kaleidoscope'skaleidoscope's
dict[kaleidoscopes] = kaleidoscopeskaleidoscopes
dict[kaleidoscopic] = kaleidoscopickaleidoscopic
dict[kamikaze] = kamikazekamikaze
dict[kamikaze's] = kamikaze'skamikaze's
dict[kamikazes] = kamikazeskamikazes
dict[kangaroo] = kangarookangaroo
dict[kangaroo's] = kangaroo'skangaroo's
dict[kangarooed] = kangarooedkangarooed
dict[kangarooing] = kangarooingkangarooing
dict[kangaroos] = kangarooskangaroos
dict[kaolin] = kaolinkaolin
dict[kaolin's] = kaolin'skaolin's
dict[kapok] = kapokkapok
dict[kapok's] = kapok'skapok's
dict[kaput] = kaputkaput
dict[kaput's] = kaput'skaput's
dict[karakul] = karakulkarakul
dict[karakul's] = karakul'skarakul's
dict[khz] = khzkhz
dict[khz's] = khz'skhz's
dict[kw] = kwkw
dict[l] = ll
dict[la] = lala
dict[la's] = la'sla's
dict[lab] = lablab
dict[lab's] = lab'slab's
dict[label] = labellabel
dict[label's] = label'slabel's
dict[labeled] = labeledlabeled
dict[labeling] = labelinglabeling
dict[labelled] = labelledlabelled
dict[labelling] = labellinglabelling
dict[labels] = labelslabels
dict[labia] = labialabia
dict[labia's] = labia'slabia's
dict[labial] = labiallabial
dict[labials] = labialslabials
dict[labium] = labiumlabium
dict[labor] = laborlabor
dict[labor's] = labor'slabor's
dict[laboratories] = laboratorieslaboratories
dict[laboratory] = laboratorylaboratory
dict[laboratory's] = laboratory'slaboratory's
dict[labored] = laboredlabored
dict[laborer] = laborerlaborer
dict[laborer's] = laborer'slaborer's
dict[laborers] = laborerslaborers
dict[laboring] = laboringlaboring
dict[laborious] = laboriouslaborious
dict[laboriously] = laboriouslylaboriously
dict[labors] = laborslabors
dict[m] = mm
dict[ma] = mama
dict[ma'am] = ma'amma'am
dict[ma's] = ma'sma's
dict[macabre] = macabremacabre
dict[macadam] = macadammacadam
dict[macadam's] = macadam'smacadam's
dict[macaroni] = macaronimacaroni
dict[macaroni's] = macaroni'smacaroni's
dict[macaroon] = macaroonmacaroon
dict[macaroon's] = macaroon'smacaroon's
dict[macaroons] = macaroonsmacaroons
dict[macaw] = macawmacaw
dict[macaw's] = macaw'smacaw's
dict[macaws] = macawsmacaws
dict[mace] = macemace
dict[mace's] = mace'smace's
dict[maced] = macedmaced
dict[macerate] = maceratemacerate
dict[macerated] = maceratedmacerated
dict[macerates] = maceratesmacerates
dict[macerating] = maceratingmacerating
dict[maceration] = macerationmaceration
dict[maceration's] = maceration'smaceration's
dict[maces] = macesmaces
dict[machete] = machetemachete
dict[machete's] = machete'smachete's
dict[machetes] = machetesmachetes
dict[machination] = machinationmachination
dict[machination's] = machination'smachination's
dict[n] = nn
dict[nab] = nabnab
dict[nabbed] = nabbednabbed
dict[nabbing] = nabbingnabbing
dict[nabob] = nabobnabob
dict[nabob's] = nabob'snabob's
dict[nabobs] = nabobsnabobs
dict[nabs] = nabsnabs
dict[nacho] = nachonacho
dict[nachos] = nachosnachos
dict[nacre] = nacrenacre
dict[nacre's] = nacre'snacre's
dict[nadir] = nadirnadir
dict[nadir's] = nadir'snadir's
dict[nadirs] = nadirsnadirs
dict[nag] = nagnag
dict[nagged] = naggednagged
dict[nagging] = naggingnagging
dict[nags] = nagsnags
dict[naiad] = naiadnaiad
dict[naiad's] = naiad'snaiad's
dict[naiades] = naiadesnaiades
dict[naiads] = naiadsnaiads
dict[nail] = nailnail
dict[nail's] = nail'snail's
dict[nailbrush] = nailbrushnailbrush
dict[nailbrush's] = nailbrush'snailbrush's
dict[nailbrushes] = nailbrushesnailbrushes
dict[nailed] = nailednailed
dict[nailing] = nailingnailing
dict[o] = oo
dict[o'clock] = o'clocko'clock
dict[o'er] = o'ero'er
dict[oaf] = oafoaf
dict[oaf's] = oaf'soaf's
dict[oafish] = oafishoafish
dict[oafs] = oafsoafs
dict[oak] = oakoak
dict[oak's] = oak'soak's
dict[oaken] = oakenoaken
dict[oaks] = oaksoaks
dict[oakum] = oakumoakum
dict[oakum's] = oakum'soakum's
dict[oar] = oaroar
dict[oar's] = oar'soar's
dict[oared] = oaredoared
dict[oaring] = oaringoaring
dict[oarlock] = oarlockoarlock
dict[oarlock's] = oarlock'soarlock's
dict[oarlocks] = oarlocksoarlocks
dict[oars] = oarsoars
dict[oarsman] = oarsmanoarsman
dict[oarsman's] = oarsman'soarsman's
dict[oarsmen] = oarsmenoarsmen
dict[oases] = oasesoases
dict[oasis] = oasisoasis
dict[oasis's] = oasis'soasis's
dict[oat] = oatoat
dict[oat's] = oat'soat's
dict[oaten] = oatenoaten
dict[p] = pp
dict[pa] = papa
dict[pa's] = pa'spa's
dict[pace] = pacepace
dict[pace's] = pace'space's
dict[paced] = pacedpaced
dict[pacemaker] = pacemakerpacemaker
dict[pacemaker's] = pacemaker'spacemaker's
dict[pacemakers] = pacemakerspacemakers
dict[paces] = pacespaces
dict[pacesetter] = pacesetterpacesetter
dict[pacesetter's] = pacesetter'spacesetter's
dict[pacesetters] = pacesetterspacesetters
dict[pachyderm] = pachydermpachyderm
dict[pachyderm's] = pachyderm'spachyderm's
dict[pachyderms] = pachydermspachyderms
dict[pacific] = pacificpacific
dict[pacifically] = pacificallypacifically
dict[pacification] = pacificationpacification
dict[pacification's] = pacification'spacification's
dict[pacified] = pacifiedpacified
dict[pacifier] = pacifierpacifier
dict[pacifier's] = pacifier'spacifier's
dict[pacifiers] = pacifierspacifiers
dict[pacifies] = pacifiespacifies
dict[pacifism] = pacifismpacifism
dict[pacifism's] = pacifism'spacifism's
dict[pacifist] = pacifistpacifist
dict[ph] = phph
dict[ph's] = ph'sph's
dict[q] = qq
dict[qua] = quaqua
dict[quack] = quackquack
dict[quacked] = quackedquacked
dict[quackery] = quackeryquackery
dict[quackery's] = quackery'squackery's
dict[quacking] = quackingquacking
dict[quacks] = quacksquacks
dict[quad] = quadquad
dict[quad's] = quad'squad's
dict[quadrangle] = quadranglequadrangle
dict[quadrangle's] = quadrangle'squadrangle's
dict[quadrangles] = quadranglesquadrangles
dict[quadrangular] = quadrangularquadrangular
dict[quadrangular's] = quadrangular'squadrangular's
dict[quadrant] = quadrantquadrant
dict[quadrant's] = quadrant'squadrant's
dict[quadrants] = quadrantsquadrants
dict[quadraphonic] = quadraphonicquadraphonic
dict[quadraphonics] = quadraphonicsquadraphonics
dict[quadratic] = quadraticquadratic
dict[quadratic's] = quadratic'squadratic's
dict[quadrature] = quadraturequadrature
dict[quadrature's] = quadrature'squadrature's
dict[quadrennial] = quadrennialquadrennial
dict[quadriceps] = quadricepsquadriceps
dict[quadriceps's] = quadriceps'squadriceps's
dict[quadricepses] = quadricepsesquadricepses
dict[quadrilateral] = quadrilateralquadrilateral
dict[quadrilaterals] = quadrilateralsquadrilaterals
dict[r] = rr
dict[rabbi] = rabbirabbi
dict[rabbi's] = rabbi'srabbi's
dict[rabbies] = rabbiesrabbies
dict[rabbinate] = rabbinaterabbinate
dict[rabbinate's] = rabbinate'srabbinate's
dict[rabbinical] = rabbinicalrabbinical
dict[rabbis] = rabbisrabbis
dict[rabbit] = rabbitrabbit
dict[rabbit's] = rabbit'srabbit's
dict[rabbited] = rabbitedrabbited
dict[rabbiting] = rabbitingrabbiting
dict[rabbits] = rabbitsrabbits
dict[rabble] = rabblerabble
dict[rabble's] = rabble'srabble's
dict[rabbles] = rabblesrabbles
dict[rabid] = rabidrabid
dict[rabies] = rabiesrabies
dict[raccoon] = raccoonraccoon
dict[raccoon's] = raccoon'sraccoon's
dict[raccoons] = raccoonsraccoons
dict[race] = racerace
dict[race's] = race'srace's
dict[racecourse] = racecourseracecourse
dict[racecourse's] = racecourse'sracecourse's
dict[racecourses] = racecoursesracecourses
dict[raced] = racedraced
dict[racehorse] = racehorseracehorse
dict[racehorse's] = racehorse'sracehorse's
dict[racehorses] = racehorsesracehorses
dict[s] = ss
dict[sabbatical] = sabbaticalsabbatical
dict[sabbaticals] = sabbaticalssabbaticals
dict[saber] = sabersaber
dict[saber's] = saber'ssaber's
dict[sabers] = saberssabers
dict[sable] = sablesable
dict[sable's] = sable'ssable's
dict[sabled] = sabledsabled
dict[sables] = sablessables
dict[sabling] = sablingsabling
dict[sabotage] = sabotagesabotage
dict[sabotage's] = sabotage'ssabotage's
dict[sabotaged] = sabotagedsabotaged
dict[sabotages] = sabotagessabotages
dict[sabotaging] = sabotagingsabotaging
dict[saboteur] = saboteursaboteur
dict[saboteur's] = saboteur'ssaboteur's
dict[saboteurs] = saboteurssaboteurs
dict[sabre] = sabresabre
dict[sabres] = sabressabres
dict[sac] = sacsac
dict[sac's] = sac'ssac's
dict[saccharin] = saccharinsaccharin
dict[saccharin's] = saccharin'ssaccharin's
dict[saccharine] = saccharinesaccharine
dict[sacerdotal] = sacerdotalsacerdotal
dict[sachem] = sachemsachem
dict[sachem's] = sachem'ssachem's
dict[sachems] = sachemssachems
dict[t] = tt
dict[tab] = tabtab
dict[tab's] = tab'stab's
dict[tabbed] = tabbedtabbed
dict[tabbies] = tabbiestabbies
dict[tabbing] = tabbingtabbing
dict[tabby] = tabbytabby
dict[tabernacle] = tabernacletabernacle
dict[tabernacle's] = tabernacle'stabernacle's
dict[tabernacles] = tabernaclestabernacles
dict[table] = tabletable
dict[table's] = table'stable's
dict[tableau] = tableautableau
dict[tableau's] = tableau'stableau's
dict[tableaus] = tableaustableaus
dict[tableaux] = tableauxtableaux
dict[tablecloth] = tableclothtablecloth
dict[tablecloth's] = tablecloth'stablecloth's
dict[tablecloths] = tableclothstablecloths
dict[tabled] = tabledtabled
dict[tableland] = tablelandtableland
dict[tableland's] = tableland'stableland's
dict[tablelands] = tablelandstablelands
dict[tables] = tablestables
dict[tablespoon] = tablespoontablespoon
dict[tablespoon's] = tablespoon'stablespoon's
dict[tablespoonful] = tablespoonfultablespoonful
dict[tablespoonful's] = tablespoonful'stablespoonful's
dict[tablespoonfuls] = tablespoonfulstablespoonfuls
dict[tablespoons] = tablespoonstablespoons
dict[u] = uu
dict[ubiquitous] = ubiquitousubiquitous
dict[ubiquitously] = ubiquitouslyubiquitously
dict[ubiquity] = ubiquityubiquity
dict[udder] = udderudder
dict[udder's] = udder'sudder's
dict[udders] = uddersudders
dict[ugh] = ughugh
dict[uglied] = uglieduglied
dict[uglier] = uglieruglier
dict[uglies] = ugliesuglies
dict[ugliest] = ugliestugliest
dict[ugliness] = uglinessugliness
dict[ugliness's] = ugliness'sugliness's
dict[ugly] = uglyugly
dict[uglying] = uglyinguglying
dict[uh] = uhuh
dict[ukulele] = ukuleleukulele
dict[ukulele's] = ukulele'sukulele's
dict[ukuleles] = ukulelesukuleles
dict[ulcer] = ulcerulcer
dict[ulcer's] = ulcer'sulcer's
dict[ulcerate] = ulcerateulcerate
dict[ulcerated] = ulceratedulcerated
dict[ulcerates] = ulceratesulcerates
dict[ulcerating] = ulceratingulcerating
dict[ulceration] = ulcerationulceration
dict[ulceration's] = ulceration'sulceration's
dict[ulcered] = ulceredulcered
dict[ulcering] = ulceringulcering
dict[v] = vv
dict[vacancies] = vacanciesvacancies
dict[vacancy] = vacancyvacancy
dict[vacancy's] = vacancy'svacancy's
dict[vacant] = vacantvacant
dict[vacantly] = vacantlyvacantly
dict[vacate] = vacatevacate
dict[vacated] = vacatedvacated
dict[vacates] = vacatesvacates
dict[vacating] = vacatingvacating
dict[vacation] = vacationvacation
dict[vacation's] = vacation'svacation's
dict[vacationed] = vacationedvacationed
dict[vacationer] = vacationervacationer
dict[vacationers] = vacationersvacationers
dict[vacationing] = vacationingvacationing
dict[vacations] = vacationsvacations
dict[vaccinate] = vaccinatevaccinate
dict[vaccinated] = vaccinatedvaccinated
dict[vaccinates] = vaccinatesvaccinates
dict[vaccinating] = vaccinatingvaccinating
dict[vaccination] = vaccinationvaccination
dict[vaccination's] = vaccination'svaccination's
dict[vaccinations] = vaccinationsvaccinations
dict[vaccine] = vaccinevaccine
dict[vaccine's] = vaccine'svaccine's
dict[vaccines] = vaccinesvaccines
dict[vacillate] = vacillatevacillate
dict[vacillated] = vacillatedvacillated
dict[vacillates] = vacillatesvacillates
dict[w] = ww
dict[wackes] = wackeswackes
dict[wackier] = wackierwackier
dict[wackiest] = wackiestwackiest
dict[wackiness] = wackinesswackiness
dict[wackiness's] = wackiness'swackiness's
dict[wacko] = wackowacko
dict[wackos] = wackoswackos
dict[wacky] = wackywacky
dict[wad] = wadwad
dict[wad's] = wad'swad's
dict[wadded] = waddedwadded
dict[wadding] = waddingwadding
dict[wadding's] = wadding'swadding's
dict[waddle] = waddlewaddle
dict[waddled] = waddledwaddled
dict[waddles] = waddleswaddles
dict[waddling] = waddlingwaddling
dict[wade] = wadewade
dict[waded] = wadedwaded
dict[wader] = waderwader
dict[wader's] = wader'swader's
dict[waders] = waderswaders
dict[wades] = wadeswades
dict[wadi] = wadiwadi
dict[wadi's] = wadi'swadi's
dict[wadies] = wadieswadies
dict[wading] = wadingwading
dict[wadis] = wadiswadis
dict[wads] = wadswads
dict[x] = xx
dict[xenon] = xenonxenon
dict[xenon's] = xenon'sxenon's
dict[xenophobia] = xenophobiaxenophobia
dict[xenophobia's] = xenophobia'sxenophobia's
dict[xenophobic] = xenophobicxenophobic
dict[xenophon's] = xenophon'sxenophon's
dict[xerographic] = xerographicxerographic
dict[xerography] = xerographyxerography
dict[xerography's] = xerography'sxerography's
dict[xerox] = xeroxxerox
dict[xerox's] = xerox'sxerox's
dict[xeroxed] = xeroxedxeroxed
dict[xeroxes] = xeroxesxeroxes
dict[xeroxing] = xeroxingxeroxing
dict[xerxes] = xerxesxerxes
dict[xerxes's] = xerxes'sxerxes's
dict[xhosa] = xhosaxhosa
dict[xhosa's] = xhosa'sxhosa's
dict[xi'an] = xi'anxi'an
dict[xiaoping] = xiaopingxiaoping
dict[xiaoping's] = xiaoping'sxiaoping's
dict[xingu] = xinguxingu
dict[xylem] = xylemxylem
dict[xylem's] = xylem'sxylem's
dict[xylophone] = xylophonexylophone
dict[xylophone's] = xylophone'sxylophone's
dict[xylophones] = xylophonesxylophones
dict[xylophonist] = xylophonistxylophonist
dict[xylophonists] = xylophonistsxylophonists
dict[y] = yy
dict[y'all] = y'ally'all
dict[ya] = yaya
dict[yacht] = yachtyacht
dict[yacht's] = yacht'syacht's
dict[yachted] = yachtedyachted
dict[yachting] = yachtingyachting
dict[yachting's] = yachting'syachting's
dict[yachts] = yachtsyachts
dict[yachtsman] = yachtsmanyachtsman
dict[yachtsmen] = yachtsmenyachtsmen
dict[yahoo] = yahooyahoo
dict[yahoo's] = yahoo'syahoo's
dict[yahoos] = yahoosyahoos
dict[yak] = yakyak
dict[yak's] = yak'syak's
dict[yakked] = yakkedyakked
dict[yakking] = yakkingyakking
dict[yaks] = yaksyaks
dict[yam] = yamyam
dict[yam's] = yam'syam's
dict[yammer] = yammeryammer
dict[yammered] = yammeredyammered
dict[yammering] = yammeringyammering
dict[yammers] = yammersyammers
dict[yams] = yamsyams
dict[yank] = yankyank
dict[yanked] = yankedyanked
dict[yanking] = yankingyanking
dict[yanks] = yanksyanks
dict[z] = zz
dict[zanied] = zaniedzanied
dict[zanier] = zanierzanier
dict[zanies] = zanieszanies
dict[zaniest] = zaniestzaniest
dict[zaniness] = zaninesszaniness
dict[zaniness's] = zaniness'szaniness's
dict[zany] = zanyzany
dict[zanying] = zanyingzanying
dict[zap] = zapzap
dict[zapped] = zappedzapped
dict[zapping] = zappingzapping
dict[zaps] = zapszaps
dict[zeal] = zealzeal
dict[zeal's] = zeal'szeal's
dict[zealot] = zealotzealot
dict[zealot's] = zealot'szealot's
dict[zealots] = zealotszealots
dict[zealous] = zealouszealous
dict[zealously] = zealouslyzealously
dict[zealousness] = zealousnesszealousness
dict[zealousness's] = zealousness'szealousness's
dict[zebra] = zebrazebra
dict[zebra's] = zebra'szebra's
dict[zebras] = zebraszebras
dict[zebu] = zebuzebu
dict[zebu's] = zebu'szebu's
dict[zebus] = zebuszebus
dict[zed] = zedzed
dict[zed's] = zed'szed's
